# at_us bytes r|w
# A synthetic arrival pattern: quiet stretches broken by bursts, sizes
# spanning 4 KiB to 1 MiB. Replace with a recording of your own workload;
# this one exists so the replay path has something to run against.

8557 4096 w
8881 4096 w
8960 1048576 w
9054 262144 w
9227 4096 w
13308 16384 w
13656 4096 w
13909 4096 r
13982 1048576 r
14180 262144 w
14290 1048576 w
14689 16384 w
15031 16384 w
15361 4096 w
15727 16384 w
16049 262144 r
16337 1048576 r
25438 16384 w
25612 4096 w
25930 262144 r
26209 65536 w
26296 4096 w
26430 65536 w
26730 262144 w
41013 1048576 r
41223 65536 w
41577 262144 w
41860 4096 r
49672 4096 w
49880 1048576 r
50158 65536 r
50550 65536 w
50836 65536 w
50945 262144 w
51142 16384 r
51395 262144 r
51699 4096 w
51954 1048576 w
57528 65536 r
57761 262144 r
57888 4096 w
58056 16384 w
58407 16384 w
58459 16384 w
58698 1048576 w
58812 1048576 r
59197 4096 w
73597 262144 w
73700 262144 w
73781 16384 w
73937 262144 w
74161 1048576 w
74211 1048576 w
74312 65536 w
74398 16384 w
74524 65536 r
74882 65536 w
74991 262144 r
85922 65536 w
86024 65536 r
86319 16384 w
86474 1048576 w
86802 4096 r
87004 4096 w
87187 1048576 w
87322 65536 r
87644 1048576 r
87862 16384 w
94314 16384 w
94616 65536 r
94680 65536 w
94829 1048576 r
95107 65536 r
95343 4096 w
102209 65536 w
102578 1048576 r
102873 65536 r
102966 4096 r
103118 262144 r
103390 65536 w
103642 262144 w
103735 16384 w
103850 4096 w
104138 16384 w
117286 65536 w
117616 16384 w
117998 4096 w
118119 262144 r
118268 16384 w
118426 65536 w
118776 65536 w
119040 16384 w
119271 262144 w
119585 262144 r
131126 16384 w
131185 262144 r
131546 4096 r
131672 16384 w
132038 4096 w
140699 1048576 w
140803 1048576 w
140950 65536 w
141050 1048576 w
141114 4096 w
141477 1048576 w
141629 65536 w
141952 262144 w
142128 1048576 r
142310 1048576 r
142463 262144 w
147731 65536 w
147904 262144 w
148296 65536 r
148425 65536 w
148545 262144 w
148643 262144 r
148776 16384 w
149046 1048576 w
149311 16384 w
153880 65536 w
154155 4096 w
154469 1048576 w
154551 4096 r
154718 4096 w
154907 4096 r
155049 65536 r
155315 65536 w
167448 262144 r
167543 65536 w
167686 262144 r
167873 4096 w
168056 4096 w
168219 4096 w
168331 262144 w
168664 262144 r
168851 1048576 w
169170 16384 r
169302 65536 w
175978 65536 w
176133 65536 w
176527 16384 w
176586 65536 w
176645 1048576 w
176792 1048576 w
177070 4096 w
191107 262144 w
191358 1048576 w
191518 16384 w
191893 16384 w
192120 4096 r
192177 4096 w
192357 262144 w
192450 262144 r
192843 65536 w
207264 262144 w
207451 262144 w
207687 65536 r
208017 65536 w
208225 16384 w
208275 65536 w
208568 65536 w
215168 4096 w
215263 16384 w
215334 262144 w
215539 16384 w
215859 16384 w
216214 262144 r
231147 65536 r
231526 16384 w
231838 262144 r
232146 16384 r
232454 1048576 r
232512 1048576 r
232911 16384 w
232982 16384 w
233085 262144 r
233420 4096 w
247078 16384 w
247129 262144 r
247436 1048576 w
247755 4096 r
248047 65536 r
248232 16384 r
248387 16384 r
248672 262144 r
248761 262144 r
248958 4096 w
249337 16384 w
254932 65536 w
255050 4096 w
255348 65536 r
255448 16384 w
255646 1048576 w
255934 262144 r
256265 16384 w
256358 262144 w
267186 262144 r
267434 16384 r
267591 4096 w
267713 1048576 w
276961 1048576 w
277068 65536 w
277366 262144 w
277417 262144 w
277674 65536 r
287734 65536 w
287953 4096 w
288176 262144 w
288326 4096 r
288524 65536 w
288775 262144 r
289126 4096 w
289395 65536 r
297068 65536 w
297194 16384 r
297467 1048576 w
297708 262144 r
311377 1048576 w
311468 4096 r
311728 262144 w
311848 65536 w
312179 16384 w
312441 65536 w
312621 65536 w
312793 65536 w
313185 262144 w
326811 16384 w
327115 1048576 w
327335 262144 w
327665 16384 w
327804 65536 w
336273 65536 r
336426 4096 r
336687 262144 w
337005 16384 w
337228 4096 w
337572 65536 w
349191 16384 w
349368 262144 w
349646 262144 r
349707 16384 w
349999 1048576 w
350086 262144 r
350406 262144 r
350583 4096 w
350710 1048576 r
350815 262144 w
350885 4096 r
357764 65536 r
358134 65536 w
358407 4096 w
358610 1048576 r
358758 262144 w
359115 4096 w
359319 262144 w
359530 16384 w
359700 1048576 w
359960 65536 w
360109 262144 r
360490 262144 w
367461 16384 w
367684 262144 w
367936 16384 w
368135 1048576 w
368438 16384 w
368587 16384 w
368772 65536 w
369141 262144 w
369305 262144 w
383559 16384 r
383636 16384 w
383991 16384 w
398765 262144 w
398975 4096 r
399109 65536 w
413088 4096 w
413331 65536 r
413607 16384 w
413697 65536 w
413962 4096 w
414118 262144 w
414326 262144 w
414618 16384 w
414896 16384 w
415188 4096 w
415364 262144 w
419017 4096 w
419099 1048576 w
419288 65536 r
419653 4096 w
419865 65536 w
420219 4096 w
420388 4096 w
420676 262144 r
420946 262144 w
421250 16384 w
429579 16384 w
429792 262144 w
430147 4096 w
430397 16384 w
430480 4096 w
442534 262144 r
442620 65536 w
442776 4096 w
443054 16384 w
443317 262144 w
443712 16384 r
444102 4096 r
444302 65536 w
451867 65536 w
452043 16384 w
452171 65536 r
452517 16384 w
452769 65536 r
453078 1048576 w
453179 262144 r
453281 4096 w
